warning: workspace OCI seed contains a symlink, skipping: /data/my/projects/A3S-Bench/.a3s/bench/workspaces/carleson_formalization-409805/se-bmk-intern/carleson/.lake/packages/mathlib/scripts/bench/size/run.py
warning: workspace OCI seed contains a symlink, skipping: /data/my/projects/A3S-Bench/.a3s/bench/workspaces/carleson_formalization-409805/se-bmk-intern/carleson/.lake/packages/mathlib/scripts/bench/build/fake-root/bin/lean.py
warning: workspace OCI seed contains a symlink, skipping: /data/my/projects/A3S-Bench/.a3s/bench/workspaces/carleson_formalization-409805/se-bmk-intern/carleson/.lake/packages/batteries/docs/README.md
candidate ended with error (will still score): model Candidate exceeded Task solution_timeout_sec: deadline has elapsed
warning: terminal workspace contains a symlink, skipping: /data/my/projects/A3S-Bench/.a3s/bench/workspaces/carleson_formalization-409805/se-bmk-intern/carleson/.lake/packages/mathlib/scripts/bench/size/run.py
warning: terminal workspace contains a symlink, skipping: /data/my/projects/A3S-Bench/.a3s/bench/workspaces/carleson_formalization-409805/se-bmk-intern/carleson/.lake/packages/mathlib/scripts/bench/build/fake-root/bin/lean.py
warning: terminal workspace contains a symlink, skipping: /data/my/projects/A3S-Bench/.a3s/bench/workspaces/carleson_formalization-409805/se-bmk-intern/carleson/.lake/packages/batteries/docs/README.md
a3s bench: run local-1785138750588-409805-0 failed: Judge produced no structured result: ⚠ [1701/1796] Replayed Carleson.ToMathlib.Annulus
warning: Carleson/ToMathlib/Annulus.lean:48:6: declaration uses `sorry`
warning: Carleson/ToMathlib/Annulus.lean:51:6: declaration uses `sorry`
warning: Carleson/ToMathlib/Annulus.lean:54:6: declaration uses `sorry`
warning: Carleson/ToMathlib/Annulus.lean:57:6: declaration uses `sorry`
warning: Carleson/ToMathlib/Annulus.lean:60:6: declaration uses `sorry`
warning: Carleson/ToMathlib/Annulus.lean:63:6: declaration uses `sorry`
warning: Carleson/ToMathlib/Annulus.lean:67:6: declaration uses `sorry`
warning: Carleson/ToMathlib/Annulus.lean:71:6: declaration uses `sorry`
warning: Carleson/ToMathlib/Annulus.lean:75:6: declaration uses `sorry`
warning: Carleson/ToMathlib/Annulus.lean:79:6: declaration uses `sorry`
warning: Carleson/ToMathlib/Annulus.lean:83:6: declaration uses `sorry`
warning: Carleson/ToMathlib/Annulus.lean:87:6: declaration uses `sorry`
warning: Carleson/ToMathlib/Annulus.lean:91:6: declaration uses `sorry`
warning: Carleson/ToMathlib/Annulus.lean:95:6: declaration uses `sorry`
warning: Carleson/ToMathlib/Annulus.lean:99:6: declaration uses `sorry`
warning: Carleson/ToMathlib/Annulus.lean:102:6: declaration uses `sorry`
warning: Carleson/ToMathlib/Annulus.lean:105:6: declaration uses `sorry`
warning: Carleson/ToMathlib/Annulus.lean:110:6: declaration uses `sorry`
warning: Carleson/ToMathlib/Annulus.lean:114:6: declaration uses `sorry`
warning: Carleson/ToMathlib/Annulus.lean:118:6: declaration uses `sorry`
warning: Carleson/ToMathlib/Annulus.lean:122:6: declaration uses `sorry`
warning: Carleson/ToMathlib/Annulus.lean:125:6: declaration uses `sorry`
warning: Carleson/ToMathlib/Annulus.lean:128:6: declaration uses `sorry`
warning: Carleson/ToMathlib/Annulus.lean:132:6: declaration uses `sorry`
warning: Carleson/ToMathlib/Annulus.lean:137:6: declaration uses `sorry`
warning: Carleson/ToMathlib/Annulus.lean:141:6: declaration uses `sorry`
warning: Carleson/ToMathlib/Annulus.lean:145:6: declaration uses `sorry`
warning: Carleson/ToMathlib/Annulus.lean:148:6: declaration uses `sorry`
warning: Carleson/ToMathlib/Annulus.lean:151:6: declaration uses `sorry`
warning: Carleson/ToMathlib/Annulus.lean:155:6: declaration uses `sorry`
warning: Carleson/ToMathlib/Annulus.lean:159:6: declaration uses `sorry`
warning: Carleson/ToMathlib/Annulus.lean:164:6: declaration uses `sorry`
warning: Carleson/ToMathlib/Annulus.lean:168:6: declaration uses `sorry`
warning: Carleson/ToMathlib/Annulus.lean:171:6: declaration uses `sorry`
warning: Carleson/ToMathlib/Annulus.lean:174:6: declaration uses `sorry`
warning: Carleson/ToMathlib/Annulus.lean:177:6: declaration uses `sorry`
warning: Carleson/ToMathlib/Annulus.lean:180:6: declaration uses `sorry`
warning: Carleson/ToMathlib/Annulus.lean:183:6: declaration uses `sorry`
warning: Carleson/ToMathlib/Annulus.lean:187:6: declaration uses `sorry`
warning: Carleson/ToMathlib/Annulus.lean:192:6: declaration uses `sorry`
warning: Carleson/ToMathlib/Annulus.lean:197:6: declaration uses `sorry`
warning: Carleson/ToMathlib/Annulus.lean:202:6: declaration uses `sorry`
warning: Carleson/ToMathlib/Annulus.lean:207:6: declaration uses `sorry`
warning: Carleson/ToMathlib/Annulus.lean:212:6: declaration uses `sorry`
warning: Carleson/ToMathlib/Annulus.lean:217:6: declaration uses `sorry`
warning: Carleson/ToMathlib/Annulus.lean:222:6: declaration uses `sorry`
warning: Carleson/ToMathlib/Annulus.lean:227:6: declaration uses `sorry`
warning: Carleson/ToMathlib/Annulus.lean:231:6: declaration uses `sorry`
warning: Carleson/ToMathlib/Annulus.lean:236:6: declaration uses `sorry`
warning: Carleson/ToMathlib/Annulus.lean:240:6: declaration uses `sorry`
warning: Carleson/ToMathlib/Annulus.lean:247:8: declaration uses `sorry`
warning: Carleson/ToMathlib/Annulus.lean:254:8: declaration uses `sorry`
warning: Carleson/ToMathlib/Annulus.lean:260:8: declaration uses `sorry`
warning: Carleson/ToMathlib/Annulus.lean:266:8: declaration uses `sorry`
warning: Carleson/ToMathlib/Annulus.lean:283:8: declaration uses `sorry`
warning: Carleson/ToMathlib/Annulus.lean:287:8
