warning: workspace OCI seed contains a symlink, skipping: /data/my/projects/A3S-Bench/.a3s/bench/workspaces/arc_compiler_runtime-707585/node_modules/.bin/vite
warning: workspace OCI seed contains a symlink, skipping: /data/my/projects/A3S-Bench/.a3s/bench/workspaces/arc_compiler_runtime-707585/node_modules/.bin/why-is-node-running
warning: workspace OCI seed contains a symlink, skipping: /data/my/projects/A3S-Bench/.a3s/bench/workspaces/arc_compiler_runtime-707585/node_modules/.bin/nanoid
warning: workspace OCI seed contains a symlink, skipping: /data/my/projects/A3S-Bench/.a3s/bench/workspaces/arc_compiler_runtime-707585/node_modules/.bin/tsc
warning: workspace OCI seed contains a symlink, skipping: /data/my/projects/A3S-Bench/.a3s/bench/workspaces/arc_compiler_runtime-707585/node_modules/.bin/rollup
warning: workspace OCI seed contains a symlink, skipping: /data/my/projects/A3S-Bench/.a3s/bench/workspaces/arc_compiler_runtime-707585/node_modules/.bin/esbuild
warning: workspace OCI seed contains a symlink, skipping: /data/my/projects/A3S-Bench/.a3s/bench/workspaces/arc_compiler_runtime-707585/node_modules/.bin/vitest
warning: workspace OCI seed contains a symlink, skipping: /data/my/projects/A3S-Bench/.a3s/bench/workspaces/arc_compiler_runtime-707585/node_modules/.bin/tsx
warning: workspace OCI seed contains a symlink, skipping: /data/my/projects/A3S-Bench/.a3s/bench/workspaces/arc_compiler_runtime-707585/node_modules/.bin/tsserver
warning: terminal workspace contains a hard link, skipping: /data/my/projects/A3S-Bench/.a3s/bench/workspaces/arc_compiler_runtime-707585/node_modules/@esbuild/linux-x64/bin/esbuild
warning: terminal workspace contains a symlink, skipping: /data/my/projects/A3S-Bench/.a3s/bench/workspaces/arc_compiler_runtime-707585/node_modules/.bin/vite
warning: terminal workspace contains a symlink, skipping: /data/my/projects/A3S-Bench/.a3s/bench/workspaces/arc_compiler_runtime-707585/node_modules/.bin/why-is-node-running
warning: terminal workspace contains a symlink, skipping: /data/my/projects/A3S-Bench/.a3s/bench/workspaces/arc_compiler_runtime-707585/node_modules/.bin/nanoid
warning: terminal workspace contains a symlink, skipping: /data/my/projects/A3S-Bench/.a3s/bench/workspaces/arc_compiler_runtime-707585/node_modules/.bin/tsc
warning: terminal workspace contains a symlink, skipping: /data/my/projects/A3S-Bench/.a3s/bench/workspaces/arc_compiler_runtime-707585/node_modules/.bin/rollup
warning: terminal workspace contains a symlink, skipping: /data/my/projects/A3S-Bench/.a3s/bench/workspaces/arc_compiler_runtime-707585/node_modules/.bin/esbuild
warning: terminal workspace contains a symlink, skipping: /data/my/projects/A3S-Bench/.a3s/bench/workspaces/arc_compiler_runtime-707585/node_modules/.bin/vitest
warning: terminal workspace contains a symlink, skipping: /data/my/projects/A3S-Bench/.a3s/bench/workspaces/arc_compiler_runtime-707585/node_modules/.bin/tsx
warning: terminal workspace contains a symlink, skipping: /data/my/projects/A3S-Bench/.a3s/bench/workspaces/arc_compiler_runtime-707585/node_modules/.bin/tsserver
warning: terminal workspace contains a hard link, skipping: /data/my/projects/A3S-Bench/.a3s/bench/workspaces/arc_compiler_runtime-707585/node_modules/esbuild/bin/esbuild
COMPLETED  score=0.4394  task=arc_compiler_runtime
run:    local-1784911939843-707585-0
result: /data/my/projects/A3S-Bench/.a3s/bench/results/local-1784911939843-707585-0.json
