warning: workspace OCI seed contains a symlink, skipping: /data/my/projects/A3S-Bench/.a3s/bench/workspaces/combinatorial_games_formalization-424803/se-bmk-intern/combinatorial-games/.lake/packages/mathlib/scripts/bench/size/run.py
warning: workspace OCI seed contains a symlink, skipping: /data/my/projects/A3S-Bench/.a3s/bench/workspaces/combinatorial_games_formalization-424803/se-bmk-intern/combinatorial-games/.lake/packages/mathlib/scripts/bench/build/fake-root/bin/lean.py
warning: workspace OCI seed contains a symlink, skipping: /data/my/projects/A3S-Bench/.a3s/bench/workspaces/combinatorial_games_formalization-424803/se-bmk-intern/combinatorial-games/.lake/packages/batteries/docs/README.md
warning: workspace OCI seed contains a symlink, skipping: /data/my/projects/A3S-Bench/.a3s/bench/workspaces/combinatorial_games_formalization-424803/baseline/.lake/packages/mathlib/scripts/bench/size/run.py
warning: workspace OCI seed contains a symlink, skipping: /data/my/projects/A3S-Bench/.a3s/bench/workspaces/combinatorial_games_formalization-424803/baseline/.lake/packages/mathlib/scripts/bench/build/fake-root/bin/lean.py
warning: workspace OCI seed contains a symlink, skipping: /data/my/projects/A3S-Bench/.a3s/bench/workspaces/combinatorial_games_formalization-424803/baseline/.lake/packages/batteries/docs/README.md
candidate ended with error (will still score): model Candidate exceeded Task solution_timeout_sec: deadline has elapsed
warning: terminal workspace contains a symlink, skipping: /data/my/projects/A3S-Bench/.a3s/bench/workspaces/combinatorial_games_formalization-424803/se-bmk-intern/combinatorial-games/.lake/packages/mathlib/scripts/bench/size/run.py
warning: terminal workspace contains a symlink, skipping: /data/my/projects/A3S-Bench/.a3s/bench/workspaces/combinatorial_games_formalization-424803/se-bmk-intern/combinatorial-games/.lake/packages/mathlib/scripts/bench/build/fake-root/bin/lean.py
warning: terminal workspace contains a symlink, skipping: /data/my/projects/A3S-Bench/.a3s/bench/workspaces/combinatorial_games_formalization-424803/se-bmk-intern/combinatorial-games/.lake/packages/batteries/docs/README.md
warning: terminal workspace contains a symlink, skipping: /data/my/projects/A3S-Bench/.a3s/bench/workspaces/combinatorial_games_formalization-424803/baseline/.lake/packages/mathlib/scripts/bench/size/run.py
warning: terminal workspace contains a symlink, skipping: /data/my/projects/A3S-Bench/.a3s/bench/workspaces/combinatorial_games_formalization-424803/baseline/.lake/packages/mathlib/scripts/bench/build/fake-root/bin/lean.py
warning: terminal workspace contains a symlink, skipping: /data/my/projects/A3S-Bench/.a3s/bench/workspaces/combinatorial_games_formalization-424803/baseline/.lake/packages/batteries/docs/README.md
a3s bench: run local-1785142430135-424803-0 failed: Judge produced no structured result: ✔ [609/2284] Built CombinatorialGames.Tactic.Register (938ms)
✔ [970/2284] Built CombinatorialGames.Tactic.AddInstances (878ms)
⚠ [2229/2284] Built CombinatorialGames.Mathlib.Small (21s)
warning: CombinatorialGames/Mathlib/Small.lean:30:16: declaration uses `sorry`
warning: CombinatorialGames/Mathlib/Small.lean:34:16: declaration uses `sorry`
⚠ [2230/2284] Built CombinatorialGames.Mathlib.EtaSet (22s)
warning: CombinatorialGames/Mathlib/EtaSet.lean:44:8: declaration uses `sorry`
warning: CombinatorialGames/Mathlib/EtaSet.lean:51:2: declaration uses `sorry`
warning: CombinatorialGames/Mathlib/EtaSet.lean:52:8: declaration uses `sorry`
warning: CombinatorialGames/Mathlib/EtaSet.lean:56:18: declaration uses `sorry`
warning: CombinatorialGames/Mathlib/EtaSet.lean:59:18: declaration uses `sorry`
warning: CombinatorialGames/Mathlib/EtaSet.lean:62:18: declaration uses `sorry`
warning: CombinatorialGames/Mathlib/EtaSet.lean:65:18: declaration uses `sorry`
warning: CombinatorialGames/Mathlib/EtaSet.lean:68:18: declaration uses `sorry`
warning: CombinatorialGames/Mathlib/EtaSet.lean:71:2: declaration uses `sorry`
warning: CombinatorialGames/Mathlib/EtaSet.lean:72:18: declaration uses `sorry`
warning: CombinatorialGames/Mathlib/EtaSet.lean:75:18: declaration uses `sorry`
warning: CombinatorialGames/Mathlib/EtaSet.lean:78:16: declaration uses `sorry`
warning: CombinatorialGames/Mathlib/EtaSet.lean:82:18: declaration uses `sorry`
warning: CombinatorialGames/Mathlib/EtaSet.lean:85:8: declaration uses `sorry`
warning: CombinatorialGames/Mathlib/EtaSet.lean:88:18: declaration uses `sorry`
warning: CombinatorialGames/Mathlib/EtaSet.lean:92:8: declaration uses `sorry`
✔ [2231/2284] Built CombinatorialGames.Mathlib.Port (23s)
✖ [2232/2284] Building CombinatorialGames.Game.Player (23s)
trace: .> LEAN_PATH=/home/workspace/se-bmk-intern/combinatorial-games/.lake/packages/Cli/.lake/build/lib/lean:/home/workspace/se-bmk-intern/combinatorial-games/.lake/packages/batteries/.lake/build/lib/lean:/home/workspace/se-bmk-intern/combinatorial-games/.lake/packages/Qq/.lake/build/lib/lean:/home/workspace/se-bmk-intern/combinatorial-games/.lake/packages/aesop/.lake/build/lib/lean:/home/workspace/se-bmk-intern/combinatorial-games/.lake/packages/proofwidgets/.lake/build/lib/lean:/home/workspace/se-bmk-intern/combinatorial-games/.lake/packages/importGraph/.lake/build/lib/lean:/home/workspace/se-bmk-intern/combinatorial-games/.lake/packages/LeanSearchClient/.lake/build/lib/lean:/home/workspace/se-bmk-intern/combinatorial-games/.lake/packages/plausible/.lake/build/lib/lean:/home/workspace/se-bmk-intern/combinatorial-games/.lake/packages/mathlib/.lake/build/lib/lean:/home/workspace/se-bmk-intern/combinatorial-games/.lake/build/lib/lean /opt/elan/toolchains/leanprover--lean4---v4.28.0/bin/lean /home/workspace/se-bmk-intern/combinatorial-games/CombinatorialGames/Game/Player.lean -o /home/workspace/se-bmk-intern/combinatorial-games/.lake/build/lib/lean/CombinatorialGames/Game/Player.olean -i /home/workspace/se-bmk-intern/combinatorial-games/.lake/build/lib/lean/CombinatorialGames/Game/Player.ilean -c /home/workspace/se-bmk-intern/combinatorial-games/.lake/build/ir/CombinatorialGames/Game/Player.c --setup /home/workspace/se-bmk-intern/combinatorial-games/.lake/build/ir/CombinatorialGames/Game/Player.setup.json --json
warning: CombinatorialGames/Game/Player.lean:54:2: 'simp at hleft hright' is a flexible tactic modifying 'hright'. Try 'simp?' and use the suggested 'simp only [...]'. Alternatively, use `suffices` to explicitly state the simplified form.

Note: This linter can be disabled with `set_option linter.flexible false`
info: CombinatorialGames/Game/Player.lean:55:2: 'exact ⟨hleft, hright⟩' uses 'hright'!
warning: CombinatorialGames/Game/Player.lean:54:2: 'simp at hleft hright' is a flexible tactic modifying 'hleft'. Try 'simp?' and use the suggested 'simp only [...]'. Alternatively, use `suffices` to explicitly state the simplified form.

Note: This linter can be disabled with `set_option linter.flexible false`
info: CombinatorialGames/Game/Player.lean:55:2: 
