warning: workspace OCI seed contains a symlink, skipping: /data/my/projects/A3S-Bench/.a3s/bench/workspaces/combinatorial_games_formalization-772881/se-bmk-intern/combinatorial-games/.lake/packages/mathlib/scripts/bench/size/run.py
warning: workspace OCI seed contains a symlink, skipping: /data/my/projects/A3S-Bench/.a3s/bench/workspaces/combinatorial_games_formalization-772881/se-bmk-intern/combinatorial-games/.lake/packages/mathlib/scripts/bench/build/fake-root/bin/lean.py
warning: workspace OCI seed contains a symlink, skipping: /data/my/projects/A3S-Bench/.a3s/bench/workspaces/combinatorial_games_formalization-772881/se-bmk-intern/combinatorial-games/.lake/packages/batteries/docs/README.md
warning: workspace OCI seed contains a symlink, skipping: /data/my/projects/A3S-Bench/.a3s/bench/workspaces/combinatorial_games_formalization-772881/baseline/.lake/packages/mathlib/scripts/bench/size/run.py
warning: workspace OCI seed contains a symlink, skipping: /data/my/projects/A3S-Bench/.a3s/bench/workspaces/combinatorial_games_formalization-772881/baseline/.lake/packages/mathlib/scripts/bench/build/fake-root/bin/lean.py
warning: workspace OCI seed contains a symlink, skipping: /data/my/projects/A3S-Bench/.a3s/bench/workspaces/combinatorial_games_formalization-772881/baseline/.lake/packages/batteries/docs/README.md
candidate ended with error (will still score): model Candidate exceeded Task solution_timeout_sec: deadline has elapsed
warning: terminal workspace contains a symlink, skipping: /data/my/projects/A3S-Bench/.a3s/bench/workspaces/combinatorial_games_formalization-772881/se-bmk-intern/combinatorial-games/.lake/packages/mathlib/scripts/bench/size/run.py
warning: terminal workspace contains a symlink, skipping: /data/my/projects/A3S-Bench/.a3s/bench/workspaces/combinatorial_games_formalization-772881/se-bmk-intern/combinatorial-games/.lake/packages/mathlib/scripts/bench/build/fake-root/bin/lean.py
warning: terminal workspace contains a symlink, skipping: /data/my/projects/A3S-Bench/.a3s/bench/workspaces/combinatorial_games_formalization-772881/se-bmk-intern/combinatorial-games/.lake/packages/batteries/docs/README.md
warning: terminal workspace contains a symlink, skipping: /data/my/projects/A3S-Bench/.a3s/bench/workspaces/combinatorial_games_formalization-772881/baseline/.lake/packages/mathlib/scripts/bench/size/run.py
warning: terminal workspace contains a symlink, skipping: /data/my/projects/A3S-Bench/.a3s/bench/workspaces/combinatorial_games_formalization-772881/baseline/.lake/packages/mathlib/scripts/bench/build/fake-root/bin/lean.py
warning: terminal workspace contains a symlink, skipping: /data/my/projects/A3S-Bench/.a3s/bench/workspaces/combinatorial_games_formalization-772881/baseline/.lake/packages/batteries/docs/README.md
a3s bench: run local-1784926908574-772881-0 failed: Judge produced no structured result: ✔ [1962/2040] Built CombinatorialGames.Tactic.Register (2.4s)
✔ [2228/2284] Built CombinatorialGames.Tactic.AddInstances (2.7s)
⚠ [2229/2284] Built CombinatorialGames.Mathlib.Small (5.4s)
warning: CombinatorialGames/Mathlib/Small.lean:38:100: This line exceeds the 100 character limit, please shorten it!

Note: This linter can be disabled with `set_option linter.style.longLine false`
warning: CombinatorialGames/Mathlib/Small.lean:44:100: This line exceeds the 100 character limit, please shorten it!

Note: This linter can be disabled with `set_option linter.style.longLine false`
⚠ [2230/2284] Built CombinatorialGames.Mathlib.EtaSet (6.2s)
warning: CombinatorialGames/Mathlib/EtaSet.lean:44:8: declaration uses `sorry`
warning: CombinatorialGames/Mathlib/EtaSet.lean:51:2: declaration uses `sorry`
warning: CombinatorialGames/Mathlib/EtaSet.lean:52:8: declaration uses `sorry`
warning: CombinatorialGames/Mathlib/EtaSet.lean:56:18: declaration uses `sorry`
warning: CombinatorialGames/Mathlib/EtaSet.lean:59:18: declaration uses `sorry`
warning: CombinatorialGames/Mathlib/EtaSet.lean:62:18: declaration uses `sorry`
warning: CombinatorialGames/Mathlib/EtaSet.lean:65:18: declaration uses `sorry`
warning: CombinatorialGames/Mathlib/EtaSet.lean:68:18: declaration uses `sorry`
warning: CombinatorialGames/Mathlib/EtaSet.lean:71:2: declaration uses `sorry`
warning: CombinatorialGames/Mathlib/EtaSet.lean:72:18: declaration uses `sorry`
warning: CombinatorialGames/Mathlib/EtaSet.lean:75:18: declaration uses `sorry`
warning: CombinatorialGames/Mathlib/EtaSet.lean:78:16: declaration uses `sorry`
warning: CombinatorialGames/Mathlib/EtaSet.lean:82:18: declaration uses `sorry`
warning: CombinatorialGames/Mathlib/EtaSet.lean:85:8: declaration uses `sorry`
warning: CombinatorialGames/Mathlib/EtaSet.lean:88:18: declaration uses `sorry`
warning: CombinatorialGames/Mathlib/EtaSet.lean:92:8: declaration uses `sorry`
⚠ [2231/2284] Built CombinatorialGames.Game.Player (7.7s)
warning: CombinatorialGames/Game/Player.lean:55:4: 'simp at hl hr' is a flexible tactic modifying 'hr'. Try 'simp?' and use the suggested 'simp only [...]'. Alternatively, use `suffices` to explicitly state the simplified form.

Note: This linter can be disabled with `set_option linter.flexible false`
info: CombinatorialGames/Game/Player.lean:56:4: 'exact ⟨hl, hr⟩' uses 'hr'!
warning: CombinatorialGames/Game/Player.lean:55:4: 'simp at hl hr' is a flexible tactic modifying 'hl'. Try 'simp?' and use the suggested 'simp only [...]'. Alternatively, use `suffices` to explicitly state the simplified form.

Note: This linter can be disabled with `set_option linter.flexible false`
info: CombinatorialGames/Game/Player.lean:56:4: 'exact ⟨hl, hr⟩' uses 'hl'!
✔ [2232/2284] Built CombinatorialGames.Mathlib.Port (7.4s)
⚠ [2233/2284] Built CombinatorialGames.Mathlib.Dyadic (9.2s)
warning: CombinatorialGames/Mathlib/Dyadic.lean:24:8: declaration uses `sorry`
warning: CombinatorialGames/Mathlib/Dyadic.lean:28:8: declaration uses `sorry`
warning: CombinatorialGames/Mathlib/Dyadic.lean:32:8: declaration uses `sorry`
warning: CombinatorialGames/Mathlib/Dyadic.lean:35:8: declaration uses `sorry`
warning: CombinatorialGames/Mathlib/Dyadic.lean:38:8: declaration uses `sorry`
warning: CombinatorialGames/Mathlib/Dyadic.lean:58:8: declaration uses `sorry`
warning: CombinatorialGames/Mathlib/Dyadic.lean:60:8: declaration uses `sorry`
warning: CombinatorialGames/Mathlib/Dyadic.lean:62:8: declaration uses `sorry`
warning: CombinatorialGames/Mathlib/Dyadic.lean:64:8: declaration uses `sorry`
warning: CombinatorialGames/Mathlib/Dyadic.lean:68:8: declaration uses `sorry`
warning: CombinatorialGames/Mathlib/Dyadic.lean:72:8: declaration uses `sorry`
warning: CombinatorialGames/Mathlib/Dyadic.lean:75:8: declaration uses `sorry`
warning: CombinatorialGames/Mathlib/Dyadic.lean:78:15: declaration uses `sorry`
warning: CombinatorialGames/Mathlib/Dyadic.lean:82:27: declaration uses `sorry`
warning: CombinatorialGames/Mathlib/Dyadic.lean:84:27: declaration uses `sorry`
warning: CombinatorialGames/Mathlib/Dyadic.lean:87:16
